/home/jan/Documents/diplomska_naloga/atlas_db/data/1a62.pdb
/home/jan/Documents/diplomska_naloga/atlas_db/data/1ab1.pdb
/home/jan/Documents/diplomska_naloga/atlas_db/data/1af7.pdb
/home/jan/Documents/diplomska_naloga/atlas_db/data/1ah7.pdb
/home/jan/Documents/diplomska_naloga/atlas_db/data/1ail.pdb
/home/jan/Documents/diplomska_naloga/atlas_db/data/1aol.pdb
/home/jan/Documents/diplomska_naloga/atlas_db/data/1b0n.pdb
/home/jan/Documents/diplomska_naloga/atlas_db/data/1b2s.pdb
/home/jan/Documents/diplomska_naloga/atlas_db/data/1b8d.pdb
/home/jan/Documents/diplomska_naloga/atlas_db/data/1b25.pdb
/home/jan/Documents/diplomska_naloga/atlas_db/data/1bgf.pdb
/home/jan/Documents/diplomska_naloga/atlas_db/data/1bkp.pdb
/home/jan/Documents/diplomska_naloga/atlas_db/data/1bq8.pdb
/home/jan/Documents/diplomska_naloga/atlas_db/data/1btk.pdb
/home/jan/Documents/diplomska_naloga/atlas_db/data/1bx7.pdb
/home/jan/Documents/diplomska_naloga/atlas_db/data/1bxy.pdb
/home/jan/Documents/diplomska_naloga/atlas_db/data/1by2.pdb
/home/jan/Documents/diplomska_naloga/atlas_db/data/1c1k.pdb
/home/jan/Documents/diplomska_naloga/atlas_db/data/1c52.pdb
/home/jan/Documents/diplomska_naloga/atlas_db/data/1c96.pdb
/home/jan/Documents/diplomska_naloga/atlas_db/data/1chd.pdb
/home/jan/Documents/diplomska_naloga/atlas_db/data/1cm3.pdb
/home/jan/Documents/diplomska_naloga/atlas_db/data/1coj.pdb
/home/jan/Documents/diplomska_naloga/atlas_db/data/1cpq.pdb
/home/jan/Documents/diplomska_naloga/atlas_db/data/1ctf.pdb
/home/jan/Documents/diplomska_naloga/atlas_db/data/1cuo.pdb
/home/jan/Documents/diplomska_naloga/atlas_db/data/1cvr.pdb
/home/jan/Documents/diplomska_naloga/atlas_db/data/1d2t.pdb
/home/jan/Documents/diplomska_naloga/atlas_db/data/1d3y.pdb
/home/jan/Documents/diplomska_naloga/atlas_db/data/1d4t.pdb
/home/jan/Documents/diplomska_naloga/atlas_db/data/1dci.pdb
/home/jan/Documents/diplomska_naloga/atlas_db/data/1dd3.pdb
/home/jan/Documents/diplomska_naloga/atlas_db/data/1dfu.pdb
/home/jan/Documents/diplomska_naloga/atlas_db/data/1dj0.pdb
/home/jan/Documents/diplomska_naloga/atlas_db/data/1dk8.pdb
/home/jan/Documents/diplomska_naloga/atlas_db/data/1dlj.pdb
/home/jan/Documents/diplomska_naloga/atlas_db/data/1doi.pdb
/home/jan/Documents/diplomska_naloga/atlas_db/data/1dow.pdb
/home/jan/Documents/diplomska_naloga/atlas_db/data/1dpt.pdb
/home/jan/Documents/diplomska_naloga/atlas_db/data/1dtd.pdb
/home/jan/Documents/diplomska_naloga/atlas_db/data/1dvo.pdb
/home/jan/Documents/diplomska_naloga/atlas_db/data/1dwk.pdb
/home/jan/Documents/diplomska_naloga/atlas_db/data/1dzf.pdb
/home/jan/Documents/diplomska_naloga/atlas_db/data/1e6y.pdb
/home/jan/Documents/diplomska_naloga/atlas_db/data/1e7l.pdb
/home/jan/Documents/diplomska_naloga/atlas_db/data/1ear.pdb
/home/jan/Documents/diplomska_naloga/atlas_db/data/1eb0.pdb
/home/jan/Documents/diplomska_naloga/atlas_db/data/1ef1.pdb
/home/jan/Documents/diplomska_naloga/atlas_db/data/1egw.pdb
/home/jan/Documents/diplomska_naloga/atlas_db/data/1enj.pdb
/home/jan/Documents/diplomska_naloga/atlas_db/data/1esw.pdb
/home/jan/Documents/diplomska_naloga/atlas_db/data/1ewf.pdb
/home/jan/Documents/diplomska_naloga/atlas_db/data/1ez3.pdb
/home/jan/Documents/diplomska_naloga/atlas_db/data/1f3u.pdb
/home/jan/Documents/diplomska_naloga/atlas_db/data/1f5n.pdb
/home/jan/Documents/diplomska_naloga/atlas_db/data/1f9p.pdb
/home/jan/Documents/diplomska_naloga/atlas_db/data/1f20.pdb
/home/jan/Documents/diplomska_naloga/atlas_db/data/1fcz.pdb
/home/jan/Documents/diplomska_naloga/atlas_db/data/1fd3.pdb
/home/jan/Documents/diplomska_naloga/atlas_db/data/1feh.pdb
/home/jan/Documents/diplomska_naloga/atlas_db/data/1fk5.pdb
/home/jan/Documents/diplomska_naloga/atlas_db/data/1fm4.pdb
/home/jan/Documents/diplomska_naloga/atlas_db/data/1fn9.pdb
/home/jan/Documents/diplomska_naloga/atlas_db/data/1fqi.pdb
/home/jan/Documents/diplomska_naloga/atlas_db/data/1fs1.pdb
/home/jan/Documents/diplomska_naloga/atlas_db/data/1fx4.pdb
/home/jan/Documents/diplomska_naloga/atlas_db/data/1fxo.pdb
/home/jan/Documents/diplomska_naloga/atlas_db/data/1g2r.pdb
/home/jan/Documents/diplomska_naloga/atlas_db/data/1g6g.pdb
/home/jan/Documents/diplomska_naloga/atlas_db/data/1g7s.pdb
/home/jan/Documents/diplomska_naloga/atlas_db/data/1g7t.pdb
/home/jan/Documents/diplomska_naloga/atlas_db/data/1g9g.pdb
/home/jan/Documents/diplomska_naloga/atlas_db/data/1g38.pdb
/home/jan/Documents/diplomska_naloga/atlas_db/data/1g81.pdb
/home/jan/Documents/diplomska_naloga/atlas_db/data/1gnt.pdb
/home/jan/Documents/diplomska_naloga/atlas_db/data/1gpj.pdb
/home/jan/Documents/diplomska_naloga/atlas_db/data/1gqe.pdb
/home/jan/Documents/diplomska_naloga/atlas_db/data/1gqv.pdb
/home/jan/Documents/diplomska_naloga/atlas_db/data/1gte.pdb
/home/jan/Documents/diplomska_naloga/atlas_db/data/1gwe.pdb
/home/jan/Documents/diplomska_naloga/atlas_db/data/1h02.pdb
/home/jan/Documents/diplomska_naloga/atlas_db/data/1h2e.pdb
/home/jan/Documents/diplomska_naloga/atlas_db/data/1h8e.pdb
/home/jan/Documents/diplomska_naloga/atlas_db/data/1h16.pdb
/home/jan/Documents/diplomska_naloga/atlas_db/data/1h17.pdb
/home/jan/Documents/diplomska_naloga/atlas_db/data/1h99.pdb
/home/jan/Documents/diplomska_naloga/atlas_db/data/1hbn.pdb
/home/jan/Documents/diplomska_naloga/atlas_db/data/1hc9.pdb
/home/jan/Documents/diplomska_naloga/atlas_db/data/1hoe.pdb
/home/jan/Documents/diplomska_naloga/atlas_db/data/1hp1.pdb
/home/jan/Documents/diplomska_naloga/atlas_db/data/1hq0.pdb
/home/jan/Documents/diplomska_naloga/atlas_db/data/1huf.pdb
/home/jan/Documents/diplomska_naloga/atlas_db/data/1hw1.pdb
/home/jan/Documents/diplomska_naloga/atlas_db/data/1hye.pdb
/home/jan/Documents/diplomska_naloga/atlas_db/data/1i0v.pdb
/home/jan/Documents/diplomska_naloga/atlas_db/data/1i2t.pdb
/home/jan/Documents/diplomska_naloga/atlas_db/data/1i4m.pdb
/home/jan/Documents/diplomska_naloga/atlas_db/data/1ifg.pdb
/home/jan/Documents/diplomska_naloga/atlas_db/data/1ig0.pdb
/home/jan/Documents/diplomska_naloga/atlas_db/data/1ig3.pdb
/home/jan/Documents/diplomska_naloga/atlas_db/data/1ijt.pdb
/home/jan/Documents/diplomska_naloga/atlas_db/data/1ijx.pdb
/home/jan/Documents/diplomska_naloga/atlas_db/data/1ikp.pdb
/home/jan/Documents/diplomska_naloga/atlas_db/data/1ikt.pdb
/home/jan/Documents/diplomska_naloga/atlas_db/data/1im5.pdb
/home/jan/Documents/diplomska_naloga/atlas_db/data/1io1.pdb
/home/jan/Documents/diplomska_naloga/atlas_db/data/1iom.pdb
/home/jan/Documents/diplomska_naloga/atlas_db/data/1iqq.pdb
/home/jan/Documents/diplomska_naloga/atlas_db/data/1iuq.pdb
/home/jan/Documents/diplomska_naloga/atlas_db/data/1ix9.pdb
/home/jan/Documents/diplomska_naloga/atlas_db/data/1j0p.pdb
/home/jan/Documents/diplomska_naloga/atlas_db/data/1j2l.pdb
/home/jan/Documents/diplomska_naloga/atlas_db/data/1j5u.pdb
/home/jan/Documents/diplomska_naloga/atlas_db/data/1j8e.pdb
/home/jan/Documents/diplomska_naloga/atlas_db/data/1j8r.pdb
/home/jan/Documents/diplomska_naloga/atlas_db/data/1j09.pdb
/home/jan/Documents/diplomska_naloga/atlas_db/data/1j77.pdb
/home/jan/Documents/diplomska_naloga/atlas_db/data/1jhs.pdb
/home/jan/Documents/diplomska_naloga/atlas_db/data/1jif.pdb
/home/jan/Documents/diplomska_naloga/atlas_db/data/1jke.pdb
/home/jan/Documents/diplomska_naloga/atlas_db/data/1jmx.pdb
/home/jan/Documents/diplomska_naloga/atlas_db/data/1jnr.pdb
/home/jan/Documents/diplomska_naloga/atlas_db/data/1jo0.pdb
/home/jan/Documents/diplomska_naloga/atlas_db/data/1jq5.pdb
/home/jan/Documents/diplomska_naloga/atlas_db/data/1juv.pdb
/home/jan/Documents/diplomska_naloga/atlas_db/data/1jwq.pdb
/home/jan/Documents/diplomska_naloga/atlas_db/data/1jyo.pdb
/home/jan/Documents/diplomska_naloga/atlas_db/data/1k5n.pdb
/home/jan/Documents/diplomska_naloga/atlas_db/data/1k7c.pdb
/home/jan/Documents/diplomska_naloga/atlas_db/data/1k7j.pdb
/home/jan/Documents/diplomska_naloga/atlas_db/data/1k8k.pdb
/home/jan/Documents/diplomska_naloga/atlas_db/data/1k30.pdb
/home/jan/Documents/diplomska_naloga/atlas_db/data/1ka1.pdb
/home/jan/Documents/diplomska_naloga/atlas_db/data/1kew.pdb
/home/jan/Documents/diplomska_naloga/atlas_db/data/1kgq.pdb
/home/jan/Documents/diplomska_naloga/atlas_db/data/1knt.pdb
/home/jan/Documents/diplomska_naloga/atlas_db/data/1koe.pdb
/home/jan/Documents/diplomska_naloga/atlas_db/data/1kop.pdb
/home/jan/Documents/diplomska_naloga/atlas_db/data/1kp3.pdb
/home/jan/Documents/diplomska_naloga/atlas_db/data/1kpt.pdb
/home/jan/Documents/diplomska_naloga/atlas_db/data/1krn.pdb
/home/jan/Documents/diplomska_naloga/atlas_db/data/1l2p.pdb
/home/jan/Documents/diplomska_naloga/atlas_db/data/1l2w.pdb
/home/jan/Documents/diplomska_naloga/atlas_db/data/1l5o.pdb
/home/jan/Documents/diplomska_naloga/atlas_db/data/1l9l.pdb
/home/jan/Documents/diplomska_naloga/atlas_db/data/1lc3.pdb
/home/jan/Documents/diplomska_naloga/atlas_db/data/1lfp.pdb
/home/jan/Documents/diplomska_naloga/atlas_db/data/1lj5.pdb
/home/jan/Documents/diplomska_naloga/atlas_db/data/1llf.pdb
/home/jan/Documents/diplomska_naloga/atlas_db/data/1lln.pdb
/home/jan/Documents/diplomska_naloga/atlas_db/data/1lr0.pdb
/home/jan/Documents/diplomska_naloga/atlas_db/data/1lri.pdb
/home/jan/Documents/diplomska_naloga/atlas_db/data/1ls1.pdb
/home/jan/Documents/diplomska_naloga/atlas_db/data/1lsl.pdb
/home/jan/Documents/diplomska_naloga/atlas_db/data/1lwb.pdb
/home/jan/Documents/diplomska_naloga/atlas_db/data/1lwd.pdb
/home/jan/Documents/diplomska_naloga/atlas_db/data/1m5q.pdb
/home/jan/Documents/diplomska_naloga/atlas_db/data/1m7v.pdb
/home/jan/Documents/diplomska_naloga/atlas_db/data/1m8s.pdb
/home/jan/Documents/diplomska_naloga/atlas_db/data/1m9z.pdb
/home/jan/Documents/diplomska_naloga/atlas_db/data/1m15.pdb
/home/jan/Documents/diplomska_naloga/atlas_db/data/1md6.pdb
/home/jan/Documents/diplomska_naloga/atlas_db/data/1mix.pdb
/home/jan/Documents/diplomska_naloga/atlas_db/data/1mjf.pdb
/home/jan/Documents/diplomska_naloga/atlas_db/data/1mk0.pdb
/home/jan/Documents/diplomska_naloga/atlas_db/data/1mlw.pdb
/home/jan/Documents/diplomska_naloga/atlas_db/data/1msc.pdb
/home/jan/Documents/diplomska_naloga/atlas_db/data/1msk.pdb
/home/jan/Documents/diplomska_naloga/atlas_db/data/1mv8.pdb
/home/jan/Documents/diplomska_naloga/atlas_db/data/1n2m.pdb
/home/jan/Documents/diplomska_naloga/atlas_db/data/1n7z.pdb
/home/jan/Documents/diplomska_naloga/atlas_db/data/1n8o.pdb
/home/jan/Documents/diplomska_naloga/atlas_db/data/1n8u.pdb
/home/jan/Documents/diplomska_naloga/atlas_db/data/1n8v.pdb
/home/jan/Documents/diplomska_naloga/atlas_db/data/1nf8.pdb
/home/jan/Documents/diplomska_naloga/atlas_db/data/1ng6.pdb
/home/jan/Documents/diplomska_naloga/atlas_db/data/1nh2.pdb
/home/jan/Documents/diplomska_naloga/atlas_db/data/1nij.pdb
/home/jan/Documents/diplomska_naloga/atlas_db/data/1njh.pdb
/home/jan/Documents/diplomska_naloga/atlas_db/data/1nkp.pdb
/home/jan/Documents/diplomska_naloga/atlas_db/data/1nl1.pdb
/home/jan/Documents/diplomska_naloga/atlas_db/data/1nnh.pdb
/home/jan/Documents/diplomska_naloga/atlas_db/data/1nns.pdb
/home/jan/Documents/diplomska_naloga/atlas_db/data/1ntv.pdb
/home/jan/Documents/diplomska_naloga/atlas_db/data/1nty.pdb
/home/jan/Documents/diplomska_naloga/atlas_db/data/1o0s.pdb
/home/jan/Documents/diplomska_naloga/atlas_db/data/1o1x.pdb
/home/jan/Documents/diplomska_naloga/atlas_db/data/1o4k.pdb
/home/jan/Documents/diplomska_naloga/atlas_db/data/1o75.pdb
/home/jan/Documents/diplomska_naloga/atlas_db/data/1o98.pdb
/home/jan/Documents/diplomska_naloga/atlas_db/data/1oao.pdb
/home/jan/Documents/diplomska_naloga/atlas_db/data/1ocy.pdb
/home/jan/Documents/diplomska_naloga/atlas_db/data/1oh9.pdb
/home/jan/Documents/diplomska_naloga/atlas_db/data/1ois.pdb
/home/jan/Documents/diplomska_naloga/atlas_db/data/1ojh.pdb
/home/jan/Documents/diplomska_naloga/atlas_db/data/1ojq.pdb
/home/jan/Documents/diplomska_naloga/atlas_db/data/1ok0.pdb
/home/jan/Documents/diplomska_naloga/atlas_db/data/1ouw.pdb
/home/jan/Documents/diplomska_naloga/atlas_db/data/1p5g.pdb
/home/jan/Documents/diplomska_naloga/atlas_db/data/1p27.pdb
/home/jan/Documents/diplomska_naloga/atlas_db/data/1pby.pdb
/home/jan/Documents/diplomska_naloga/atlas_db/data/1pcf.pdb
/home/jan/Documents/diplomska_naloga/atlas_db/data/1pch.pdb
/home/jan/Documents/diplomska_naloga/atlas_db/data/1pdo.pdb
/home/jan/Documents/diplomska_naloga/atlas_db/data/1pp0.pdb
/home/jan/Documents/diplomska_naloga/atlas_db/data/1ptq.pdb
/home/jan/Documents/diplomska_naloga/atlas_db/data/1puc.pdb
/home/jan/Documents/diplomska_naloga/atlas_db/data/1pv5.pdb
/home/jan/Documents/diplomska_naloga/atlas_db/data/1q0q.pdb
/home/jan/Documents/diplomska_naloga/atlas_db/data/1q2h.pdb
/home/jan/Documents/diplomska_naloga/atlas_db/data/1q7e.pdb
/home/jan/Documents/diplomska_naloga/atlas_db/data/1q8f.pdb
/home/jan/Documents/diplomska_naloga/atlas_db/data/1q74.pdb
/home/jan/Documents/diplomska_naloga/atlas_db/data/1qau.pdb
/home/jan/Documents/diplomska_naloga/atlas_db/data/1qb7.pdb
/home/jan/Documents/diplomska_naloga/atlas_db/data/1qcs.pdb
/home/jan/Documents/diplomska_naloga/atlas_db/data/1qdd.pdb
/home/jan/Documents/diplomska_naloga/atlas_db/data/1qgi.pdb
/home/jan/Documents/diplomska_naloga/atlas_db/data/1qhv.pdb
/home/jan/Documents/diplomska_naloga/atlas_db/data/1ql0.pdb
/home/jan/Documents/diplomska_naloga/atlas_db/data/1qlm.pdb
/home/jan/Documents/diplomska_naloga/atlas_db/data/1qnx.pdb
/home/jan/Documents/diplomska_naloga/atlas_db/data/1qw2.pdb
/home/jan/Documents/diplomska_naloga/atlas_db/data/1qwz.pdb
/home/jan/Documents/diplomska_naloga/atlas_db/data/1qxo.pdb
/home/jan/Documents/diplomska_naloga/atlas_db/data/1qxy.pdb
/home/jan/Documents/diplomska_naloga/atlas_db/data/1qz4.pdb
/home/jan/Documents/diplomska_naloga/atlas_db/data/1r0k.pdb
/home/jan/Documents/diplomska_naloga/atlas_db/data/1r5l.pdb
/home/jan/Documents/diplomska_naloga/atlas_db/data/1r6l.pdb
/home/jan/Documents/diplomska_naloga/atlas_db/data/1r6w.pdb
/home/jan/Documents/diplomska_naloga/atlas_db/data/1r8m.pdb
/home/jan/Documents/diplomska_naloga/atlas_db/data/1r9f.pdb
/home/jan/Documents/diplomska_naloga/atlas_db/data/1rgz.pdb
/home/jan/Documents/diplomska_naloga/atlas_db/data/1rk8.pdb
/home/jan/Documents/diplomska_naloga/atlas_db/data/1rl6.pdb
/home/jan/Documents/diplomska_naloga/atlas_db/data/1rlk.pdb
/home/jan/Documents/diplomska_naloga/atlas_db/data/1rm6.pdb
/home/jan/Documents/diplomska_naloga/atlas_db/data/1rpo.pdb
/home/jan/Documents/diplomska_naloga/atlas_db/data/1rqj.pdb
/home/jan/Documents/diplomska_naloga/atlas_db/data/1rrm.pdb
/home/jan/Documents/diplomska_naloga/atlas_db/data/1rss.pdb
/home/jan/Documents/diplomska_naloga/atlas_db/data/1ru4.pdb
/home/jan/Documents/diplomska_naloga/atlas_db/data/1ryl.pdb
/home/jan/Documents/diplomska_naloga/atlas_db/data/1s2o.pdb
/home/jan/Documents/diplomska_naloga/atlas_db/data/1s9r.pdb
/home/jan/Documents/diplomska_naloga/atlas_db/data/1s9u.pdb
/home/jan/Documents/diplomska_naloga/atlas_db/data/1sdi.pdb
/home/jan/Documents/diplomska_naloga/atlas_db/data/1sei.pdb
/home/jan/Documents/diplomska_naloga/atlas_db/data/1sf9.pdb
/home/jan/Documents/diplomska_naloga/atlas_db/data/1skz.pdb
/home/jan/Documents/diplomska_naloga/atlas_db/data/1ssq.pdb
/home/jan/Documents/diplomska_naloga/atlas_db/data/1svb.pdb
/home/jan/Documents/diplomska_naloga/atlas_db/data/1sx3.pdb
/home/jan/Documents/diplomska_naloga/atlas_db/data/1t7v.pdb
/home/jan/Documents/diplomska_naloga/atlas_db/data/1t8h.pdb
/home/jan/Documents/diplomska_naloga/atlas_db/data/1t8k.pdb
/home/jan/Documents/diplomska_naloga/atlas_db/data/1t9i.pdb
/home/jan/Documents/diplomska_naloga/atlas_db/data/1t61.pdb
/home/jan/Documents/diplomska_naloga/atlas_db/data/1t95.pdb
/home/jan/Documents/diplomska_naloga/atlas_db/data/1tag.pdb
/home/jan/Documents/diplomska_naloga/atlas_db/data/1tdz.pdb
/home/jan/Documents/diplomska_naloga/atlas_db/data/1tez.pdb
/home/jan/Documents/diplomska_naloga/atlas_db/data/1tg7.pdb
/home/jan/Documents/diplomska_naloga/atlas_db/data/1tgr.pdb
/home/jan/Documents/diplomska_naloga/atlas_db/data/1thm.pdb
/home/jan/Documents/diplomska_naloga/atlas_db/data/1tov.pdb
/home/jan/Documents/diplomska_naloga/atlas_db/data/1tt8.pdb
/home/jan/Documents/diplomska_naloga/atlas_db/data/1tuk.pdb
/home/jan/Documents/diplomska_naloga/atlas_db/data/1tzv.pdb
/home/jan/Documents/diplomska_naloga/atlas_db/data/1tzw.pdb
/home/jan/Documents/diplomska_naloga/atlas_db/data/1u6r.pdb
/home/jan/Documents/diplomska_naloga/atlas_db/data/1u6t.pdb
/home/jan/Documents/diplomska_naloga/atlas_db/data/1u07.pdb
/home/jan/Documents/diplomska_naloga/atlas_db/data/1u7k.pdb
/home/jan/Documents/diplomska_naloga/atlas_db/data/1u8v.pdb
/home/jan/Documents/diplomska_naloga/atlas_db/data/1u09.pdb
/home/jan/Documents/diplomska_naloga/atlas_db/data/1u55.pdb
/home/jan/Documents/diplomska_naloga/atlas_db/data/1u84.pdb
/home/jan/Documents/diplomska_naloga/atlas_db/data/1ugp.pdb
/home/jan/Documents/diplomska_naloga/atlas_db/data/1uha.pdb
/home/jan/Documents/diplomska_naloga/atlas_db/data/1uoy.pdb
/home/jan/Documents/diplomska_naloga/atlas_db/data/1upt.pdb
/home/jan/Documents/diplomska_naloga/atlas_db/data/1usm.pdb
/home/jan/Documents/diplomska_naloga/atlas_db/data/1utg.pdb
/home/jan/Documents/diplomska_naloga/atlas_db/data/1uwk.pdb
/home/jan/Documents/diplomska_naloga/atlas_db/data/1ux6.pdb
/home/jan/Documents/diplomska_naloga/atlas_db/data/1uxy.pdb
/home/jan/Documents/diplomska_naloga/atlas_db/data/1uz3.pdb
/home/jan/Documents/diplomska_naloga/atlas_db/data/1uzp.pdb
/home/jan/Documents/diplomska_naloga/atlas_db/data/1v0w.pdb
/home/jan/Documents/diplomska_naloga/atlas_db/data/1v1h.pdb
/home/jan/Documents/diplomska_naloga/atlas_db/data/1v2z.pdb
/home/jan/Documents/diplomska_naloga/atlas_db/data/1v4p.pdb
/home/jan/Documents/diplomska_naloga/atlas_db/data/1v7r.pdb
/home/jan/Documents/diplomska_naloga/atlas_db/data/1v7z.pdb
/home/jan/Documents/diplomska_naloga/atlas_db/data/1v9m.pdb
/home/jan/Documents/diplomska_naloga/atlas_db/data/1v30.pdb
/home/jan/Documents/diplomska_naloga/atlas_db/data/1vaj.pdb
/home/jan/Documents/diplomska_naloga/atlas_db/data/1vbi.pdb
/home/jan/Documents/diplomska_naloga/atlas_db/data/1vbw.pdb
/home/jan/Documents/diplomska_naloga/atlas_db/data/1vcc.pdb
/home/jan/Documents/diplomska_naloga/atlas_db/data/1vcl.pdb
/home/jan/Documents/diplomska_naloga/atlas_db/data/1vct.pdb
/home/jan/Documents/diplomska_naloga/atlas_db/data/1vdk.pdb
/home/jan/Documents/diplomska_naloga/atlas_db/data/1ve0.pdb
/home/jan/Documents/diplomska_naloga/atlas_db/data/1vk1.pdb
/home/jan/Documents/diplomska_naloga/atlas_db/data/1vkm.pdb
/home/jan/Documents/diplomska_naloga/atlas_db/data/1vlb.pdb
/home/jan/Documents/diplomska_naloga/atlas_db/data/1vr8.pdb
/home/jan/Documents/diplomska_naloga/atlas_db/data/1vra.pdb
/home/jan/Documents/diplomska_naloga/atlas_db/data/1vyi.pdb
/home/jan/Documents/diplomska_naloga/atlas_db/data/1vzm.pdb
/home/jan/Documents/diplomska_naloga/atlas_db/data/1vzy.pdb
/home/jan/Documents/diplomska_naloga/atlas_db/data/1w2w.pdb
/home/jan/Documents/diplomska_naloga/atlas_db/data/1w6s.pdb
/home/jan/Documents/diplomska_naloga/atlas_db/data/1w9g.pdb
/home/jan/Documents/diplomska_naloga/atlas_db/data/1w53.pdb
/home/jan/Documents/diplomska_naloga/atlas_db/data/1wbe.pdb
/home/jan/Documents/diplomska_naloga/atlas_db/data/1wd5.pdb
/home/jan/Documents/diplomska_naloga/atlas_db/data/1wf3.pdb
/home/jan/Documents/diplomska_naloga/atlas_db/data/1whi.pdb
/home/jan/Documents/diplomska_naloga/atlas_db/data/1whz.pdb
/home/jan/Documents/diplomska_naloga/atlas_db/data/1wlg.pdb
/home/jan/Documents/diplomska_naloga/atlas_db/data/1wn9.pdb
/home/jan/Documents/diplomska_naloga/atlas_db/data/1wna.pdb
/home/jan/Documents/diplomska_naloga/atlas_db/data/1woj.pdb
/home/jan/Documents/diplomska_naloga/atlas_db/data/1wpb.pdb
/home/jan/Documents/diplomska_naloga/atlas_db/data/1wpu.pdb
/home/jan/Documents/diplomska_naloga/atlas_db/data/1wq6.pdb
/home/jan/Documents/diplomska_naloga/atlas_db/data/1wq8.pdb
/home/jan/Documents/diplomska_naloga/atlas_db/data/1wqj.pdb
/home/jan/Documents/diplomska_naloga/atlas_db/data/1wui.pdb
/home/jan/Documents/diplomska_naloga/atlas_db/data/1wx1.pdb
/home/jan/Documents/diplomska_naloga/atlas_db/data/1x0a.pdb
/home/jan/Documents/diplomska_naloga/atlas_db/data/1x3o.pdb
/home/jan/Documents/diplomska_naloga/atlas_db/data/1x6i.pdb
/home/jan/Documents/diplomska_naloga/atlas_db/data/1x6j.pdb
/home/jan/Documents/diplomska_naloga/atlas_db/data/1xeo.pdb
/home/jan/Documents/diplomska_naloga/atlas_db/data/1xg0.pdb
/home/jan/Documents/diplomska_naloga/atlas_db/data/1xhk.pdb
/home/jan/Documents/diplomska_naloga/atlas_db/data/1xkg.pdb
/home/jan/Documents/diplomska_naloga/atlas_db/data/1xkn.pdb
/home/jan/Documents/diplomska_naloga/atlas_db/data/1xkr.pdb
/home/jan/Documents/diplomska_naloga/atlas_db/data/1xmk.pdb
/home/jan/Documents/diplomska_naloga/atlas_db/data/1xo7.pdb
/home/jan/Documents/diplomska_naloga/atlas_db/data/1xsz.pdb
/home/jan/Documents/diplomska_naloga/atlas_db/data/1xta.pdb
/home/jan/Documents/diplomska_naloga/atlas_db/data/1xty.pdb
/home/jan/Documents/diplomska_naloga/atlas_db/data/1xvg.pdb
/home/jan/Documents/diplomska_naloga/atlas_db/data/1xwl.pdb
/home/jan/Documents/diplomska_naloga/atlas_db/data/1y0n.pdb
/home/jan/Documents/diplomska_naloga/atlas_db/data/1y6i.pdb
/home/jan/Documents/diplomska_naloga/atlas_db/data/1y7t.pdb
/home/jan/Documents/diplomska_naloga/atlas_db/data/1yd3.pdb
/home/jan/Documents/diplomska_naloga/atlas_db/data/1yib.pdb
/home/jan/Documents/diplomska_naloga/atlas_db/data/1yoc.pdb
/home/jan/Documents/diplomska_naloga/atlas_db/data/1yoe.pdb
/home/jan/Documents/diplomska_naloga/atlas_db/data/1yoz.pdb
/home/jan/Documents/diplomska_naloga/atlas_db/data/1ypy.pdb
/home/jan/Documents/diplomska_naloga/atlas_db/data/1yqe.pdb
/home/jan/Documents/diplomska_naloga/atlas_db/data/1yqw.pdb
/home/jan/Documents/diplomska_naloga/atlas_db/data/1ys1.pdb
/home/jan/Documents/diplomska_naloga/atlas_db/data/1yu0.pdb
/home/jan/Documents/diplomska_naloga/atlas_db/data/1yu2.pdb
/home/jan/Documents/diplomska_naloga/atlas_db/data/1yu5.pdb
/home/jan/Documents/diplomska_naloga/atlas_db/data/1z0b.pdb
/home/jan/Documents/diplomska_naloga/atlas_db/data/1z1l.pdb
/home/jan/Documents/diplomska_naloga/atlas_db/data/1z2u.pdb
/home/jan/Documents/diplomska_naloga/atlas_db/data/1z7k.pdb
/home/jan/Documents/diplomska_naloga/atlas_db/data/1z21.pdb
/home/jan/Documents/diplomska_naloga/atlas_db/data/1zd7.pdb
/home/jan/Documents/diplomska_naloga/atlas_db/data/1zdy.pdb
/home/jan/Documents/diplomska_naloga/atlas_db/data/1ze3.pdb
/home/jan/Documents/diplomska_naloga/atlas_db/data/1zht.pdb
/home/jan/Documents/diplomska_naloga/atlas_db/data/1zjc.pdb
/home/jan/Documents/diplomska_naloga/atlas_db/data/1zn6.pdb
/home/jan/Documents/diplomska_naloga/atlas_db/data/1zos.pdb
/home/jan/Documents/diplomska_naloga/atlas_db/data/1zpe.pdb
/home/jan/Documents/diplomska_naloga/atlas_db/data/1zsw.pdb
/home/jan/Documents/diplomska_naloga/atlas_db/data/1zt5.pdb
/home/jan/Documents/diplomska_naloga/atlas_db/data/1zw0.pdb
/home/jan/Documents/diplomska_naloga/atlas_db/data/1zxx.pdb
/home/jan/Documents/diplomska_naloga/atlas_db/data/2a6s.pdb
/home/jan/Documents/diplomska_naloga/atlas_db/data/2abk.pdb
/home/jan/Documents/diplomska_naloga/atlas_db/data/2ad6.pdb
/home/jan/Documents/diplomska_naloga/atlas_db/data/2ahn.pdb
/home/jan/Documents/diplomska_naloga/atlas_db/data/2aib.pdb
/home/jan/Documents/diplomska_naloga/atlas_db/data/2aj7.pdb
/home/jan/Documents/diplomska_naloga/atlas_db/data/2amh.pdb
/home/jan/Documents/diplomska_naloga/atlas_db/data/2arz.pdb
/home/jan/Documents/diplomska_naloga/atlas_db/data/2at8.pdb
/home/jan/Documents/diplomska_naloga/atlas_db/data/2au3.pdb
/home/jan/Documents/diplomska_naloga/atlas_db/data/2au7.pdb
/home/jan/Documents/diplomska_naloga/atlas_db/data/2b0a.pdb
/home/jan/Documents/diplomska_naloga/atlas_db/data/2b0t.pdb
/home/jan/Documents/diplomska_naloga/atlas_db/data/2b1y.pdb
/home/jan/Documents/diplomska_naloga/atlas_db/data/2b3y.pdb
/home/jan/Documents/diplomska_naloga/atlas_db/data/2b7r.pdb
/home/jan/Documents/diplomska_naloga/atlas_db/data/2b9d.pdb
/home/jan/Documents/diplomska_naloga/atlas_db/data/2b97.pdb
/home/jan/Documents/diplomska_naloga/atlas_db/data/2bbr.pdb
/home/jan/Documents/diplomska_naloga/atlas_db/data/2bf6.pdb
/home/jan/Documents/diplomska_naloga/atlas_db/data/2bfw.pdb
/home/jan/Documents/diplomska_naloga/atlas_db/data/2bjf.pdb
/home/jan/Documents/diplomska_naloga/atlas_db/data/2bjq.pdb
/home/jan/Documents/diplomska_naloga/atlas_db/data/2bk9.pdb
/home/jan/Documents/diplomska_naloga/atlas_db/data/2bko.pdb
/home/jan/Documents/diplomska_naloga/atlas_db/data/2bln.pdb
/home/jan/Documents/diplomska_naloga/atlas_db/data/2bmo.pdb
/home/jan/Documents/diplomska_naloga/atlas_db/data/2bo1.pdb
/home/jan/Documents/diplomska_naloga/atlas_db/data/2bti.pdb
/home/jan/Documents/diplomska_naloga/atlas_db/data/2bw3.pdb
/home/jan/Documents/diplomska_naloga/atlas_db/data/2c9i.pdb
/home/jan/Documents/diplomska_naloga/atlas_db/data/2cb5.pdb
/home/jan/Documents/diplomska_naloga/atlas_db/data/2cc6.pdb
/home/jan/Documents/diplomska_naloga/atlas_db/data/2ccq.pdb
/home/jan/Documents/diplomska_naloga/atlas_db/data/2ccw.pdb
/home/jan/Documents/diplomska_naloga/atlas_db/data/2cfe.pdb
/home/jan/Documents/diplomska_naloga/atlas_db/data/2cfm.pdb
/home/jan/Documents/diplomska_naloga/atlas_db/data/2cg7.pdb
/home/jan/Documents/diplomska_naloga/atlas_db/data/2cwy.pdb
/home/jan/Documents/diplomska_naloga/atlas_db/data/2cx7.pdb
/home/jan/Documents/diplomska_naloga/atlas_db/data/2cxi.pdb
/home/jan/Documents/diplomska_naloga/atlas_db/data/2cyj.pdb
/home/jan/Documents/diplomska_naloga/atlas_db/data/2d1l.pdb
/home/jan/Documents/diplomska_naloga/atlas_db/data/2d5b.pdb
/home/jan/Documents/diplomska_naloga/atlas_db/data/2d28.pdb
/home/jan/Documents/diplomska_naloga/atlas_db/data/2db7.pdb
/home/jan/Documents/diplomska_naloga/atlas_db/data/2dfx.pdb
/home/jan/Documents/diplomska_naloga/atlas_db/data/2dka.pdb
/home/jan/Documents/diplomska_naloga/atlas_db/data/2dlb.pdb
/home/jan/Documents/diplomska_naloga/atlas_db/data/2drv.pdb
/home/jan/Documents/diplomska_naloga/atlas_db/data/2dt4.pdb
/home/jan/Documents/diplomska_naloga/atlas_db/data/2dt8.pdb
/home/jan/Documents/diplomska_naloga/atlas_db/data/2dtr.pdb
/home/jan/Documents/diplomska_naloga/atlas_db/data/2dwk.pdb
/home/jan/Documents/diplomska_naloga/atlas_db/data/2e5y.pdb
/home/jan/Documents/diplomska_naloga/atlas_db/data/2e6x.pdb
/home/jan/Documents/diplomska_naloga/atlas_db/data/2e7u.pdb
/home/jan/Documents/diplomska_naloga/atlas_db/data/2e7z.pdb
/home/jan/Documents/diplomska_naloga/atlas_db/data/2e8e.pdb
/home/jan/Documents/diplomska_naloga/atlas_db/data/2ebb.pdb
/home/jan/Documents/diplomska_naloga/atlas_db/data/2ed6.pdb
/home/jan/Documents/diplomska_naloga/atlas_db/data/2ehq.pdb
/home/jan/Documents/diplomska_naloga/atlas_db/data/2ejn.pdb
/home/jan/Documents/diplomska_naloga/atlas_db/data/2end.pdb
/home/jan/Documents/diplomska_naloga/atlas_db/data/2eo4.pdb
/home/jan/Documents/diplomska_naloga/atlas_db/data/2eq8.pdb
/home/jan/Documents/diplomska_naloga/atlas_db/data/2erl.pdb
/home/jan/Documents/diplomska_naloga/atlas_db/data/2es9.pdb
/home/jan/Documents/diplomska_naloga/atlas_db/data/2eu7.pdb
/home/jan/Documents/diplomska_naloga/atlas_db/data/2ex2.pdb
/home/jan/Documents/diplomska_naloga/atlas_db/data/2f5t.pdb
/home/jan/Documents/diplomska_naloga/atlas_db/data/2f6e.pdb
/home/jan/Documents/diplomska_naloga/atlas_db/data/2f60.pdb
/home/jan/Documents/diplomska_naloga/atlas_db/data/2fb5.pdb
/home/jan/Documents/diplomska_naloga/atlas_db/data/2fb6.pdb
/home/jan/Documents/diplomska_naloga/atlas_db/data/2fe5.pdb
/home/jan/Documents/diplomska_naloga/atlas_db/data/2fef.pdb
/home/jan/Documents/diplomska_naloga/atlas_db/data/2fhz.pdb
/home/jan/Documents/diplomska_naloga/atlas_db/data/2fi9.pdb
/home/jan/Documents/diplomska_naloga/atlas_db/data/2fip.pdb
/home/jan/Documents/diplomska_naloga/atlas_db/data/2fj8.pdb
/home/jan/Documents/diplomska_naloga/atlas_db/data/2fma.pdb
/home/jan/Documents/diplomska_naloga/atlas_db/data/2fos.pdb
/home/jan/Documents/diplomska_naloga/atlas_db/data/2foz.pdb
/home/jan/Documents/diplomska_naloga/atlas_db/data/2fp1.pdb
/home/jan/Documents/diplomska_naloga/atlas_db/data/2ftx.pdb
/home/jan/Documents/diplomska_naloga/atlas_db/data/2fyg.pdb
/home/jan/Documents/diplomska_naloga/atlas_db/data/2fzp.pdb
/home/jan/Documents/diplomska_naloga/atlas_db/data/2g7o.pdb
/home/jan/Documents/diplomska_naloga/atlas_db/data/2g9e.pdb
/home/jan/Documents/diplomska_naloga/atlas_db/data/2g64.pdb
/home/jan/Documents/diplomska_naloga/atlas_db/data/2gc4.pdb
/home/jan/Documents/diplomska_naloga/atlas_db/data/2gec.pdb
/home/jan/Documents/diplomska_naloga/atlas_db/data/2gfq.pdb
/home/jan/Documents/diplomska_naloga/atlas_db/data/2gg2.pdb
/home/jan/Documents/diplomska_naloga/atlas_db/data/2gg6.pdb
/home/jan/Documents/diplomska_naloga/atlas_db/data/2gh0.pdb
/home/jan/Documents/diplomska_naloga/atlas_db/data/2gib.pdb
/home/jan/Documents/diplomska_naloga/atlas_db/data/2gke.pdb
/home/jan/Documents/diplomska_naloga/atlas_db/data/2gkp.pdb
/home/jan/Documents/diplomska_naloga/atlas_db/data/2gkr.pdb
/home/jan/Documents/diplomska_naloga/atlas_db/data/2glz.pdb
/home/jan/Documents/diplomska_naloga/atlas_db/data/2gno.pdb
/home/jan/Documents/diplomska_naloga/atlas_db/data/2gpi.pdb
/home/jan/Documents/diplomska_naloga/atlas_db/data/2gqt.pdb
/home/jan/Documents/diplomska_naloga/atlas_db/data/2gs5.pdb
/home/jan/Documents/diplomska_naloga/atlas_db/data/2gwm.pdb
/home/jan/Documents/diplomska_naloga/atlas_db/data/2gwn.pdb
/home/jan/Documents/diplomska_naloga/atlas_db/data/2h1t.pdb
/home/jan/Documents/diplomska_naloga/atlas_db/data/2h2z.pdb
/home/jan/Documents/diplomska_naloga/atlas_db/data/2h7g.pdb
/home/jan/Documents/diplomska_naloga/atlas_db/data/2hba.pdb
/home/jan/Documents/diplomska_naloga/atlas_db/data/2hgx.pdb
/home/jan/Documents/diplomska_naloga/atlas_db/data/2hhv.pdb
/home/jan/Documents/diplomska_naloga/atlas_db/data/2hl7.pdb
/home/jan/Documents/diplomska_naloga/atlas_db/data/2hng.pdb
/home/jan/Documents/diplomska_naloga/atlas_db/data/2hnu.pdb
/home/jan/Documents/diplomska_naloga/atlas_db/data/2hq4.pdb
/home/jan/Documents/diplomska_naloga/atlas_db/data/2hqk.pdb
/home/jan/Documents/diplomska_naloga/atlas_db/data/2hu9.pdb
/home/jan/Documents/diplomska_naloga/atlas_db/data/2hwn.pdb
/home/jan/Documents/diplomska_naloga/atlas_db/data/2hxm.pdb
/home/jan/Documents/diplomska_naloga/atlas_db/data/2hy5.pdb
/home/jan/Documents/diplomska_naloga/atlas_db/data/2hyv.pdb
/home/jan/Documents/diplomska_naloga/atlas_db/data/2i2f.pdb
/home/jan/Documents/diplomska_naloga/atlas_db/data/2i5u.pdb
/home/jan/Documents/diplomska_naloga/atlas_db/data/2i5v.pdb
/home/jan/Documents/diplomska_naloga/atlas_db/data/2i6d.pdb
/home/jan/Documents/diplomska_naloga/atlas_db/data/2i7c.pdb
/home/jan/Documents/diplomska_naloga/atlas_db/data/2i9w.pdb
/home/jan/Documents/diplomska_naloga/atlas_db/data/2i9x.pdb
/home/jan/Documents/diplomska_naloga/atlas_db/data/2ia1.pdb
/home/jan/Documents/diplomska_naloga/atlas_db/data/2iay.pdb
/home/jan/Documents/diplomska_naloga/atlas_db/data/2icu.pdb
/home/jan/Documents/diplomska_naloga/atlas_db/data/2id6.pdb
/home/jan/Documents/diplomska_naloga/atlas_db/data/2ie6.pdb
/home/jan/Documents/diplomska_naloga/atlas_db/data/2igi.pdb
/home/jan/Documents/diplomska_naloga/atlas_db/data/2igp.pdb
/home/jan/Documents/diplomska_naloga/atlas_db/data/2ii1.pdb
/home/jan/Documents/diplomska_naloga/atlas_db/data/2imf.pdb
/home/jan/Documents/diplomska_naloga/atlas_db/data/2ims.pdb
/home/jan/Documents/diplomska_naloga/atlas_db/data/2in8.pdb
/home/jan/Documents/diplomska_naloga/atlas_db/data/2inc.pdb
/home/jan/Documents/diplomska_naloga/atlas_db/data/2it2.pdb
/home/jan/Documents/diplomska_naloga/atlas_db/data/2ixm.pdb
/home/jan/Documents/diplomska_naloga/atlas_db/data/2j6a.pdb
/home/jan/Documents/diplomska_naloga/atlas_db/data/2j6b.pdb
/home/jan/Documents/diplomska_naloga/atlas_db/data/2j6c.pdb
/home/jan/Documents/diplomska_naloga/atlas_db/data/2j7z.pdb
/home/jan/Documents/diplomska_naloga/atlas_db/data/2jc5.pdb
/home/jan/Documents/diplomska_naloga/atlas_db/data/2jdd.pdb
/home/jan/Documents/diplomska_naloga/atlas_db/data/2jek.pdb
/home/jan/Documents/diplomska_naloga/atlas_db/data/2jft.pdb
/home/jan/Documents/diplomska_naloga/atlas_db/data/2jh3.pdb
/home/jan/Documents/diplomska_naloga/atlas_db/data/2jhf.pdb
/home/jan/Documents/diplomska_naloga/atlas_db/data/2jhq.pdb
/home/jan/Documents/diplomska_naloga/atlas_db/data/2jlq.pdb
/home/jan/Documents/diplomska_naloga/atlas_db/data/2lis.pdb
/home/jan/Documents/diplomska_naloga/atlas_db/data/2nlv.pdb
/home/jan/Documents/diplomska_naloga/atlas_db/data/2nml.pdb
/home/jan/Documents/diplomska_naloga/atlas_db/data/2nnu.pdb
/home/jan/Documents/diplomska_naloga/atlas_db/data/2nqw.pdb
/home/jan/Documents/diplomska_naloga/atlas_db/data/2nsa.pdb
/home/jan/Documents/diplomska_naloga/atlas_db/data/2nug.pdb
/home/jan/Documents/diplomska_naloga/atlas_db/data/2nuk.pdb
/home/jan/Documents/diplomska_naloga/atlas_db/data/2nwv.pdb
/home/jan/Documents/diplomska_naloga/atlas_db/data/2o4t.pdb
/home/jan/Documents/diplomska_naloga/atlas_db/data/2o6x.pdb
/home/jan/Documents/diplomska_naloga/atlas_db/data/2o7o.pdb
/home/jan/Documents/diplomska_naloga/atlas_db/data/2o70.pdb
/home/jan/Documents/diplomska_naloga/atlas_db/data/2o74.pdb
/home/jan/Documents/diplomska_naloga/atlas_db/data/2obl.pdb
/home/jan/Documents/diplomska_naloga/atlas_db/data/2oeb.pdb
/home/jan/Documents/diplomska_naloga/atlas_db/data/2oez.pdb
/home/jan/Documents/diplomska_naloga/atlas_db/data/2ofz.pdb
/home/jan/Documents/diplomska_naloga/atlas_db/data/2ogb.pdb
/home/jan/Documents/diplomska_naloga/atlas_db/data/2onf.pdb
/home/jan/Documents/diplomska_naloga/atlas_db/data/2op6.pdb
/home/jan/Documents/diplomska_naloga/atlas_db/data/2oqz.pdb
/home/jan/Documents/diplomska_naloga/atlas_db/data/2osa.pdb
/home/jan/Documents/diplomska_naloga/atlas_db/data/2ot9.pdb
/home/jan/Documents/diplomska_naloga/atlas_db/data/2ou3.pdb
/home/jan/Documents/diplomska_naloga/atlas_db/data/2ouw.pdb
/home/jan/Documents/diplomska_naloga/atlas_db/data/2ov9.pdb
/home/jan/Documents/diplomska_naloga/atlas_db/data/2ovj.pdb
/home/jan/Documents/diplomska_naloga/atlas_db/data/2ox7.pdb
/home/jan/Documents/diplomska_naloga/atlas_db/data/2oxl.pdb
/home/jan/Documents/diplomska_naloga/atlas_db/data/2oxo.pdb
/home/jan/Documents/diplomska_naloga/atlas_db/data/2oy9.pdb
/home/jan/Documents/diplomska_naloga/atlas_db/data/2oya.pdb
/home/jan/Documents/diplomska_naloga/atlas_db/data/2ozl.pdb
/home/jan/Documents/diplomska_naloga/atlas_db/data/2p2v.pdb
/home/jan/Documents/diplomska_naloga/atlas_db/data/2p3p.pdb
/home/jan/Documents/diplomska_naloga/atlas_db/data/2p6h.pdb
/home/jan/Documents/diplomska_naloga/atlas_db/data/2p6v.pdb
/home/jan/Documents/diplomska_naloga/atlas_db/data/2p9x.pdb
/home/jan/Documents/diplomska_naloga/atlas_db/data/2p12.pdb
/home/jan/Documents/diplomska_naloga/atlas_db/data/2p54.pdb
/home/jan/Documents/diplomska_naloga/atlas_db/data/2p58.pdb
/home/jan/Documents/diplomska_naloga/atlas_db/data/2p84.pdb
/home/jan/Documents/diplomska_naloga/atlas_db/data/2pa6.pdb
/home/jan/Documents/diplomska_naloga/atlas_db/data/2pag.pdb
/home/jan/Documents/diplomska_naloga/atlas_db/data/2pbi.pdb
/home/jan/Documents/diplomska_naloga/atlas_db/data/2pbk.pdb
/home/jan/Documents/diplomska_naloga/atlas_db/data/2pcn.pdb
/home/jan/Documents/diplomska_naloga/atlas_db/data/2pef.pdb
/home/jan/Documents/diplomska_naloga/atlas_db/data/2pfx.pdb
/home/jan/Documents/diplomska_naloga/atlas_db/data/2phn.pdb
/home/jan/Documents/diplomska_naloga/atlas_db/data/2pmb.pdb
/home/jan/Documents/diplomska_naloga/atlas_db/data/2pmk.pdb
/home/jan/Documents/diplomska_naloga/atlas_db/data/2pnw.pdb
/home/jan/Documents/diplomska_naloga/atlas_db/data/2ppp.pdb
/home/jan/Documents/diplomska_naloga/atlas_db/data/2ppv.pdb
/home/jan/Documents/diplomska_naloga/atlas_db/data/2pq8.pdb
/home/jan/Documents/diplomska_naloga/atlas_db/data/2pqx.pdb
/home/jan/Documents/diplomska_naloga/atlas_db/data/2prv.pdb
/home/jan/Documents/diplomska_naloga/atlas_db/data/2psp.pdb
/home/jan/Documents/diplomska_naloga/atlas_db/data/2pst.pdb
/home/jan/Documents/diplomska_naloga/atlas_db/data/2pu3.pdb
/home/jan/Documents/diplomska_naloga/atlas_db/data/2pu9.pdb
/home/jan/Documents/diplomska_naloga/atlas_db/data/2puo.pdb
/home/jan/Documents/diplomska_naloga/atlas_db/data/2pv4.pdb
/home/jan/Documents/diplomska_naloga/atlas_db/data/2pw8.pdb
/home/jan/Documents/diplomska_naloga/atlas_db/data/2py5.pdb
/home/jan/Documents/diplomska_naloga/atlas_db/data/2pyq.pdb
/home/jan/Documents/diplomska_naloga/atlas_db/data/2q2g.pdb
/home/jan/Documents/diplomska_naloga/atlas_db/data/2q7x.pdb
/home/jan/Documents/diplomska_naloga/atlas_db/data/2q9r.pdb
/home/jan/Documents/diplomska_naloga/atlas_db/data/2qcu.pdb
/home/jan/Documents/diplomska_naloga/atlas_db/data/2qdx.pdb
/home/jan/Documents/diplomska_naloga/atlas_db/data/2qev.pdb
/home/jan/Documents/diplomska_naloga/atlas_db/data/2qhq.pdb
/home/jan/Documents/diplomska_naloga/atlas_db/data/2qia.pdb
/home/jan/Documents/diplomska_naloga/atlas_db/data/2qjz.pdb
/home/jan/Documents/diplomska_naloga/atlas_db/data/2qmj.pdb
/home/jan/Documents/diplomska_naloga/atlas_db/data/2qnl.pdb
/home/jan/Documents/diplomska_naloga/atlas_db/data/2qp2.pdb
/home/jan/Documents/diplomska_naloga/atlas_db/data/2qq4.pdb
/home/jan/Documents/diplomska_naloga/atlas_db/data/2qqc.pdb
/home/jan/Documents/diplomska_naloga/atlas_db/data/2qsa.pdb
/home/jan/Documents/diplomska_naloga/atlas_db/data/2qsk.pdb
/home/jan/Documents/diplomska_naloga/atlas_db/data/2qt4.pdb
/home/jan/Documents/diplomska_naloga/atlas_db/data/2qtd.pdb
/home/jan/Documents/diplomska_naloga/atlas_db/data/2qud.pdb
/home/jan/Documents/diplomska_naloga/atlas_db/data/2qwo.pdb
/home/jan/Documents/diplomska_naloga/atlas_db/data/2r2d.pdb
/home/jan/Documents/diplomska_naloga/atlas_db/data/2r31.pdb
/home/jan/Documents/diplomska_naloga/atlas_db/data/2ra8.pdb
/home/jan/Documents/diplomska_naloga/atlas_db/data/2rbk.pdb
/home/jan/Documents/diplomska_naloga/atlas_db/data/2rci.pdb
/home/jan/Documents/diplomska_naloga/atlas_db/data/2rdi.pdb
/home/jan/Documents/diplomska_naloga/atlas_db/data/2rff.pdb
/home/jan/Documents/diplomska_naloga/atlas_db/data/2rij.pdb
/home/jan/Documents/diplomska_naloga/atlas_db/data/2rji.pdb
/home/jan/Documents/diplomska_naloga/atlas_db/data/2rjw.pdb
/home/jan/Documents/diplomska_naloga/atlas_db/data/2rkq.pdb
/home/jan/Documents/diplomska_naloga/atlas_db/data/2rku.pdb
/home/jan/Documents/diplomska_naloga/atlas_db/data/2rkv.pdb
/home/jan/Documents/diplomska_naloga/atlas_db/data/2uxy.pdb
/home/jan/Documents/diplomska_naloga/atlas_db/data/2v0u.pdb
/home/jan/Documents/diplomska_naloga/atlas_db/data/2v4b.pdb
/home/jan/Documents/diplomska_naloga/atlas_db/data/2v4n.pdb
/home/jan/Documents/diplomska_naloga/atlas_db/data/2v05.pdb
/home/jan/Documents/diplomska_naloga/atlas_db/data/2v6a.pdb
/home/jan/Documents/diplomska_naloga/atlas_db/data/2v9m.pdb
/home/jan/Documents/diplomska_naloga/atlas_db/data/2v27.pdb
/home/jan/Documents/diplomska_naloga/atlas_db/data/2vac.pdb
/home/jan/Documents/diplomska_naloga/atlas_db/data/2vcc.pdb
/home/jan/Documents/diplomska_naloga/atlas_db/data/2vfk.pdb
/home/jan/Documents/diplomska_naloga/atlas_db/data/2vfq.pdb
/home/jan/Documents/diplomska_naloga/atlas_db/data/2vfx.pdb
/home/jan/Documents/diplomska_naloga/atlas_db/data/2vg1.pdb
/home/jan/Documents/diplomska_naloga/atlas_db/data/2vg3.pdb
/home/jan/Documents/diplomska_naloga/atlas_db/data/2vh3.pdb
/home/jan/Documents/diplomska_naloga/atlas_db/data/2vi1.pdb
/home/jan/Documents/diplomska_naloga/atlas_db/data/2vkp.pdb
/home/jan/Documents/diplomska_naloga/atlas_db/data/2vlf.pdb
/home/jan/Documents/diplomska_naloga/atlas_db/data/2vm5.pdb
/home/jan/Documents/diplomska_naloga/atlas_db/data/2vmc.pdb
/home/jan/Documents/diplomska_naloga/atlas_db/data/2vnl.pdb
/home/jan/Documents/diplomska_naloga/atlas_db/data/2vri.pdb
/home/jan/Documents/diplomska_naloga/atlas_db/data/2vrs.pdb
/home/jan/Documents/diplomska_naloga/atlas_db/data/2vy8.pdb
/home/jan/Documents/diplomska_naloga/atlas_db/data/2vzc.pdb
/home/jan/Documents/diplomska_naloga/atlas_db/data/2w0g.pdb
/home/jan/Documents/diplomska_naloga/atlas_db/data/2w0i.pdb
/home/jan/Documents/diplomska_naloga/atlas_db/data/2w6k.pdb
/home/jan/Documents/diplomska_naloga/atlas_db/data/2w6l.pdb
/home/jan/Documents/diplomska_naloga/atlas_db/data/2w8x.pdb
/home/jan/Documents/diplomska_naloga/atlas_db/data/2w9y.pdb
/home/jan/Documents/diplomska_naloga/atlas_db/data/2w39.pdb
/home/jan/Documents/diplomska_naloga/atlas_db/data/2w56.pdb
/home/jan/Documents/diplomska_naloga/atlas_db/data/2w86.pdb
/home/jan/Documents/diplomska_naloga/atlas_db/data/2waw.pdb
/home/jan/Documents/diplomska_naloga/atlas_db/data/2wb6.pdb
/home/jan/Documents/diplomska_naloga/atlas_db/data/2wbf.pdb
/home/jan/Documents/diplomska_naloga/atlas_db/data/2wcu.pdb
/home/jan/Documents/diplomska_naloga/atlas_db/data/2wfp.pdb
/home/jan/Documents/diplomska_naloga/atlas_db/data/2wfr.pdb
/home/jan/Documents/diplomska_naloga/atlas_db/data/2wkx.pdb
/home/jan/Documents/diplomska_naloga/atlas_db/data/2wlt.pdb
/home/jan/Documents/diplomska_naloga/atlas_db/data/2wn3.pdb
/home/jan/Documents/diplomska_naloga/atlas_db/data/2wnp.pdb
/home/jan/Documents/diplomska_naloga/atlas_db/data/2wny.pdb
/home/jan/Documents/diplomska_naloga/atlas_db/data/2wpq.pdb
/home/jan/Documents/diplomska_naloga/atlas_db/data/2wqi.pdb
/home/jan/Documents/diplomska_naloga/atlas_db/data/2wr8.pdb
/home/jan/Documents/diplomska_naloga/atlas_db/data/2wsi.pdb
/home/jan/Documents/diplomska_naloga/atlas_db/data/2wya.pdb
/home/jan/Documents/diplomska_naloga/atlas_db/data/2wzb.pdb
/home/jan/Documents/diplomska_naloga/atlas_db/data/2wzg.pdb
/home/jan/Documents/diplomska_naloga/atlas_db/data/2wzo.pdb
/home/jan/Documents/diplomska_naloga/atlas_db/data/2x5g.pdb
/home/jan/Documents/diplomska_naloga/atlas_db/data/2x5h.pdb
/home/jan/Documents/diplomska_naloga/atlas_db/data/2x5r.pdb
/home/jan/Documents/diplomska_naloga/atlas_db/data/2x8w.pdb
/home/jan/Documents/diplomska_naloga/atlas_db/data/2x9o.pdb
/home/jan/Documents/diplomska_naloga/atlas_db/data/2x49.pdb
/home/jan/Documents/diplomska_naloga/atlas_db/data/2x63.pdb
/home/jan/Documents/diplomska_naloga/atlas_db/data/2x96.pdb
/home/jan/Documents/diplomska_naloga/atlas_db/data/2xc1.pdb
/home/jan/Documents/diplomska_naloga/atlas_db/data/2xdg.pdb
/home/jan/Documents/diplomska_naloga/atlas_db/data/2xeu.pdb
/home/jan/Documents/diplomska_naloga/atlas_db/data/2xf2.pdb
/home/jan/Documents/diplomska_naloga/atlas_db/data/2xf5.pdb
/home/jan/Documents/diplomska_naloga/atlas_db/data/2xf7.pdb
/home/jan/Documents/diplomska_naloga/atlas_db/data/2xjq.pdb
/home/jan/Documents/diplomska_naloga/atlas_db/data/2xm5.pdb
/home/jan/Documents/diplomska_naloga/atlas_db/data/2xmx.pdb
/home/jan/Documents/diplomska_naloga/atlas_db/data/2xol.pdb
/home/jan/Documents/diplomska_naloga/atlas_db/data/2xpp.pdb
/home/jan/Documents/diplomska_naloga/atlas_db/data/2xqu.pdb
/home/jan/Documents/diplomska_naloga/atlas_db/data/2xrh.pdb
/home/jan/Documents/diplomska_naloga/atlas_db/data/2xse.pdb
/home/jan/Documents/diplomska_naloga/atlas_db/data/2xu8.pdb
/home/jan/Documents/diplomska_naloga/atlas_db/data/2xvs.pdb
/home/jan/Documents/diplomska_naloga/atlas_db/data/2xz2.pdb
/home/jan/Documents/diplomska_naloga/atlas_db/data/2xz3.pdb
/home/jan/Documents/diplomska_naloga/atlas_db/data/2y1q.pdb
/home/jan/Documents/diplomska_naloga/atlas_db/data/2y1y.pdb
/home/jan/Documents/diplomska_naloga/atlas_db/data/2y3w.pdb
/home/jan/Documents/diplomska_naloga/atlas_db/data/2y4x.pdb
/home/jan/Documents/diplomska_naloga/atlas_db/data/2y7b.pdb
/home/jan/Documents/diplomska_naloga/atlas_db/data/2y20.pdb
/home/jan/Documents/diplomska_naloga/atlas_db/data/2y39.pdb
/home/jan/Documents/diplomska_naloga/atlas_db/data/2y44.pdb
/home/jan/Documents/diplomska_naloga/atlas_db/data/2ycl.pdb
/home/jan/Documents/diplomska_naloga/atlas_db/data/2ygs.pdb
/home/jan/Documents/diplomska_naloga/atlas_db/data/2yjg.pdb
/home/jan/Documents/diplomska_naloga/atlas_db/data/2yp8.pdb
/home/jan/Documents/diplomska_naloga/atlas_db/data/2ysk.pdb
/home/jan/Documents/diplomska_naloga/atlas_db/data/2yvo.pdb
/home/jan/Documents/diplomska_naloga/atlas_db/data/2yvq.pdb
/home/jan/Documents/diplomska_naloga/atlas_db/data/2yxn.pdb
/home/jan/Documents/diplomska_naloga/atlas_db/data/2yyv.pdb
/home/jan/Documents/diplomska_naloga/atlas_db/data/2yzs.pdb
/home/jan/Documents/diplomska_naloga/atlas_db/data/2yzt.pdb
/home/jan/Documents/diplomska_naloga/atlas_db/data/2z0a.pdb
/home/jan/Documents/diplomska_naloga/atlas_db/data/2z0j.pdb
/home/jan/Documents/diplomska_naloga/atlas_db/data/2z0x.pdb
/home/jan/Documents/diplomska_naloga/atlas_db/data/2z4u.pdb
/home/jan/Documents/diplomska_naloga/atlas_db/data/2z5e.pdb
/home/jan/Documents/diplomska_naloga/atlas_db/data/2z6o.pdb
/home/jan/Documents/diplomska_naloga/atlas_db/data/2z6r.pdb
/home/jan/Documents/diplomska_naloga/atlas_db/data/2z7f.pdb
/home/jan/Documents/diplomska_naloga/atlas_db/data/2zca.pdb
/home/jan/Documents/diplomska_naloga/atlas_db/data/2zd2.pdb
/home/jan/Documents/diplomska_naloga/atlas_db/data/2zfz.pdb
/home/jan/Documents/diplomska_naloga/atlas_db/data/2znr.pdb
/home/jan/Documents/diplomska_naloga/atlas_db/data/2zwd.pdb
/home/jan/Documents/diplomska_naloga/atlas_db/data/2zzd.pdb
/home/jan/Documents/diplomska_naloga/atlas_db/data/3a0y.pdb
/home/jan/Documents/diplomska_naloga/atlas_db/data/3a1g.pdb
/home/jan/Documents/diplomska_naloga/atlas_db/data/3a1u.pdb
/home/jan/Documents/diplomska_naloga/atlas_db/data/3a2q.pdb
/home/jan/Documents/diplomska_naloga/atlas_db/data/3a3d.pdb
/home/jan/Documents/diplomska_naloga/atlas_db/data/3a6d.pdb
/home/jan/Documents/diplomska_naloga/atlas_db/data/3a7l.pdb
/home/jan/Documents/diplomska_naloga/atlas_db/data/3a39.pdb
/home/jan/Documents/diplomska_naloga/atlas_db/data/3aa0.pdb
/home/jan/Documents/diplomska_naloga/atlas_db/data/3aa6.pdb
/home/jan/Documents/diplomska_naloga/atlas_db/data/3agn.pdb
/home/jan/Documents/diplomska_naloga/atlas_db/data/3ajf.pdb
/home/jan/Documents/diplomska_naloga/atlas_db/data/3apa.pdb
/home/jan/Documents/diplomska_naloga/atlas_db/data/3apr.pdb
/home/jan/Documents/diplomska_naloga/atlas_db/data/3b4q.pdb
/home/jan/Documents/diplomska_naloga/atlas_db/data/3b4w.pdb
/home/jan/Documents/diplomska_naloga/atlas_db/data/3b9q.pdb
/home/jan/Documents/diplomska_naloga/atlas_db/data/3b49.pdb
/home/jan/Documents/diplomska_naloga/atlas_db/data/3bec.pdb
/home/jan/Documents/diplomska_naloga/atlas_db/data/3bhg.pdb
/home/jan/Documents/diplomska_naloga/atlas_db/data/3bjd.pdb
/home/jan/Documents/diplomska_naloga/atlas_db/data/3bk5.pdb
/home/jan/Documents/diplomska_naloga/atlas_db/data/3bl9.pdb
/home/jan/Documents/diplomska_naloga/atlas_db/data/3bn0.pdb
/home/jan/Documents/diplomska_naloga/atlas_db/data/3boe.pdb
/home/jan/Documents/diplomska_naloga/atlas_db/data/3bpj.pdb
/home/jan/Documents/diplomska_naloga/atlas_db/data/3bpt.pdb
/home/jan/Documents/diplomska_naloga/atlas_db/data/3bq9.pdb
/home/jan/Documents/diplomska_naloga/atlas_db/data/3bqk.pdb
/home/jan/Documents/diplomska_naloga/atlas_db/data/3bqp.pdb
/home/jan/Documents/diplomska_naloga/atlas_db/data/3bri.pdb
/home/jan/Documents/diplomska_naloga/atlas_db/data/3bwu.pdb
/home/jan/Documents/diplomska_naloga/atlas_db/data/3bzl.pdb
/home/jan/Documents/diplomska_naloga/atlas_db/data/3bzm.pdb
/home/jan/Documents/diplomska_naloga/atlas_db/data/3bzn.pdb
/home/jan/Documents/diplomska_naloga/atlas_db/data/3c0f.pdb
/home/jan/Documents/diplomska_naloga/atlas_db/data/3c1q.pdb
/home/jan/Documents/diplomska_naloga/atlas_db/data/3c2q.pdb
/home/jan/Documents/diplomska_naloga/atlas_db/data/3c05.pdb
/home/jan/Documents/diplomska_naloga/atlas_db/data/3c8w.pdb
/home/jan/Documents/diplomska_naloga/atlas_db/data/3c8y.pdb
/home/jan/Documents/diplomska_naloga/atlas_db/data/3c9p.pdb
/home/jan/Documents/diplomska_naloga/atlas_db/data/3cjs.pdb
/home/jan/Documents/diplomska_naloga/atlas_db/data/3ckf.pdb
/home/jan/Documents/diplomska_naloga/atlas_db/data/3cla.pdb
/home/jan/Documents/diplomska_naloga/atlas_db/data/3cml.pdb
/home/jan/Documents/diplomska_naloga/atlas_db/data/3crv.pdb
/home/jan/Documents/diplomska_naloga/atlas_db/data/3cw3.pdb
/home/jan/Documents/diplomska_naloga/atlas_db/data/3cy4.pdb
/home/jan/Documents/diplomska_naloga/atlas_db/data/3cyi.pdb
/home/jan/Documents/diplomska_naloga/atlas_db/data/3czz.pdb
/home/jan/Documents/diplomska_naloga/atlas_db/data/3d1g.pdb
/home/jan/Documents/diplomska_naloga/atlas_db/data/3d2q.pdb
/home/jan/Documents/diplomska_naloga/atlas_db/data/3d3y.pdb
/home/jan/Documents/diplomska_naloga/atlas_db/data/3d4i.pdb
/home/jan/Documents/diplomska_naloga/atlas_db/data/3d7a.pdb
/home/jan/Documents/diplomska_naloga/atlas_db/data/3da8.pdb
/home/jan/Documents/diplomska_naloga/atlas_db/data/3dai.pdb
/home/jan/Documents/diplomska_naloga/atlas_db/data/3dan.pdb
/home/jan/Documents/diplomska_naloga/atlas_db/data/3dau.pdb
/home/jan/Documents/diplomska_naloga/atlas_db/data/3dd6.pdb
/home/jan/Documents/diplomska_naloga/atlas_db/data/3dff.pdb
/home/jan/Documents/diplomska_naloga/atlas_db/data/3dgp.pdb
/home/jan/Documents/diplomska_naloga/atlas_db/data/3dha.pdb
/home/jan/Documents/diplomska_naloga/atlas_db/data/3djl.pdb
/home/jan/Documents/diplomska_naloga/atlas_db/data/3dnh.pdb
/home/jan/Documents/diplomska_naloga/atlas_db/data/3do6.pdb
/home/jan/Documents/diplomska_naloga/atlas_db/data/3dpg.pdb
/home/jan/Documents/diplomska_naloga/atlas_db/data/3dqy.pdb
/home/jan/Documents/diplomska_naloga/atlas_db/data/3dso.pdb
/home/jan/Documents/diplomska_naloga/atlas_db/data/3dza.pdb
/home/jan/Documents/diplomska_naloga/atlas_db/data/3e0z.pdb
/home/jan/Documents/diplomska_naloga/atlas_db/data/3e2d.pdb
/home/jan/Documents/diplomska_naloga/atlas_db/data/3e4w.pdb
/home/jan/Documents/diplomska_naloga/atlas_db/data/3e7h.pdb
/home/jan/Documents/diplomska_naloga/atlas_db/data/3e8t.pdb
/home/jan/Documents/diplomska_naloga/atlas_db/data/3e9v.pdb
/home/jan/Documents/diplomska_naloga/atlas_db/data/3ebh.pdb
/home/jan/Documents/diplomska_naloga/atlas_db/data/3eh1.pdb
/home/jan/Documents/diplomska_naloga/atlas_db/data/3ehg.pdb
/home/jan/Documents/diplomska_naloga/atlas_db/data/3emf.pdb
/home/jan/Documents/diplomska_naloga/atlas_db/data/3emi.pdb
/home/jan/Documents/diplomska_naloga/atlas_db/data/3enu.pdb
/home/jan/Documents/diplomska_naloga/atlas_db/data/3eoj.pdb
/home/jan/Documents/diplomska_naloga/atlas_db/data/3eqx.pdb
/home/jan/Documents/diplomska_naloga/atlas_db/data/3eto.pdb
/home/jan/Documents/diplomska_naloga/atlas_db/data/3eye.pdb
/home/jan/Documents/diplomska_naloga/atlas_db/data/3ezu.pdb
/home/jan/Documents/diplomska_naloga/atlas_db/data/3f0o.pdb
/home/jan/Documents/diplomska_naloga/atlas_db/data/3f0p.pdb
/home/jan/Documents/diplomska_naloga/atlas_db/data/3f2e.pdb
/home/jan/Documents/diplomska_naloga/atlas_db/data/3f4m.pdb
/home/jan/Documents/diplomska_naloga/atlas_db/data/3f7c.pdb
/home/jan/Documents/diplomska_naloga/atlas_db/data/3f7w.pdb
/home/jan/Documents/diplomska_naloga/atlas_db/data/3f43.pdb
/home/jan/Documents/diplomska_naloga/atlas_db/data/3fbl.pdb
/home/jan/Documents/diplomska_naloga/atlas_db/data/3fcn.pdb
/home/jan/Documents/diplomska_naloga/atlas_db/data/3fgh.pdb
/home/jan/Documents/diplomska_naloga/atlas_db/data/3fh2.pdb
/home/jan/Documents/diplomska_naloga/atlas_db/data/3fhf.pdb
/home/jan/Documents/diplomska_naloga/atlas_db/data/3fkc.pdb
/home/jan/Documents/diplomska_naloga/atlas_db/data/3fke.pdb
/home/jan/Documents/diplomska_naloga/atlas_db/data/3fm2.pdb
/home/jan/Documents/diplomska_naloga/atlas_db/data/3fn2.pdb
/home/jan/Documents/diplomska_naloga/atlas_db/data/3fo8.pdb
/home/jan/Documents/diplomska_naloga/atlas_db/data/3fp5.pdb
/home/jan/Documents/diplomska_naloga/atlas_db/data/3fpn.pdb
/home/jan/Documents/diplomska_naloga/atlas_db/data/3fpu.pdb
/home/jan/Documents/diplomska_naloga/atlas_db/data/3frr.pdb
/home/jan/Documents/diplomska_naloga/atlas_db/data/3fyb.pdb
/home/jan/Documents/diplomska_naloga/atlas_db/data/3g0m.pdb
/home/jan/Documents/diplomska_naloga/atlas_db/data/3g3s.pdb
/home/jan/Documents/diplomska_naloga/atlas_db/data/3g5k.pdb
/home/jan/Documents/diplomska_naloga/atlas_db/data/3g5t.pdb
/home/jan/Documents/diplomska_naloga/atlas_db/data/3g06.pdb
/home/jan/Documents/diplomska_naloga/atlas_db/data/3g6i.pdb
/home/jan/Documents/diplomska_naloga/atlas_db/data/3g28.pdb
/home/jan/Documents/diplomska_naloga/atlas_db/data/3g98.pdb
/home/jan/Documents/diplomska_naloga/atlas_db/data/3ga3.pdb
/home/jan/Documents/diplomska_naloga/atlas_db/data/3ghd.pdb
/home/jan/Documents/diplomska_naloga/atlas_db/data/3gkj.pdb
/home/jan/Documents/diplomska_naloga/atlas_db/data/3glx.pdb
/home/jan/Documents/diplomska_naloga/atlas_db/data/3gmv.pdb
/home/jan/Documents/diplomska_naloga/atlas_db/data/3gnu.pdb
/home/jan/Documents/diplomska_naloga/atlas_db/data/3gqh.pdb
/home/jan/Documents/diplomska_naloga/atlas_db/data/3gqv.pdb
/home/jan/Documents/diplomska_naloga/atlas_db/data/3gs9.pdb
/home/jan/Documents/diplomska_naloga/atlas_db/data/3gwi.pdb
/home/jan/Documents/diplomska_naloga/atlas_db/data/3h0n.pdb
/home/jan/Documents/diplomska_naloga/atlas_db/data/3h1d.pdb
/home/jan/Documents/diplomska_naloga/atlas_db/data/3h1w.pdb
/home/jan/Documents/diplomska_naloga/atlas_db/data/3h2d.pdb
/home/jan/Documents/diplomska_naloga/atlas_db/data/3h5q.pdb
/home/jan/Documents/diplomska_naloga/atlas_db/data/3h8t.pdb
/home/jan/Documents/diplomska_naloga/atlas_db/data/3h93.pdb
/home/jan/Documents/diplomska_naloga/atlas_db/data/3hdj.pdb
/home/jan/Documents/diplomska_naloga/atlas_db/data/3hfw.pdb
/home/jan/Documents/diplomska_naloga/atlas_db/data/3hgl.pdb
/home/jan/Documents/diplomska_naloga/atlas_db/data/3hht.pdb
/home/jan/Documents/diplomska_naloga/atlas_db/data/3hlz.pdb
/home/jan/Documents/diplomska_naloga/atlas_db/data/3hmr.pdb
/home/jan/Documents/diplomska_naloga/atlas_db/data/3hms.pdb
/home/jan/Documents/diplomska_naloga/atlas_db/data/3ho6.pdb
/home/jan/Documents/diplomska_naloga/atlas_db/data/3hol.pdb
/home/jan/Documents/diplomska_naloga/atlas_db/data/3hvv.pdb
/home/jan/Documents/diplomska_naloga/atlas_db/data/3hwu.pdb
/home/jan/Documents/diplomska_naloga/atlas_db/data/3hxv.pdb
/home/jan/Documents/diplomska_naloga/atlas_db/data/3hxw.pdb
/home/jan/Documents/diplomska_naloga/atlas_db/data/3i57.pdb
/home/jan/Documents/diplomska_naloga/atlas_db/data/3i94.pdb
/home/jan/Documents/diplomska_naloga/atlas_db/data/3ib5.pdb
/home/jan/Documents/diplomska_naloga/atlas_db/data/3ic3.pdb
/home/jan/Documents/diplomska_naloga/atlas_db/data/3ig9.pdb
/home/jan/Documents/diplomska_naloga/atlas_db/data/3igz.pdb
/home/jan/Documents/diplomska_naloga/atlas_db/data/3ii2.pdb
/home/jan/Documents/diplomska_naloga/atlas_db/data/3iis.pdb
/home/jan/Documents/diplomska_naloga/atlas_db/data/3iiu.pdb
/home/jan/Documents/diplomska_naloga/atlas_db/data/3ijw.pdb
/home/jan/Documents/diplomska_naloga/atlas_db/data/3ikw.pdb
/home/jan/Documents/diplomska_naloga/atlas_db/data/3ilw.pdb
/home/jan/Documents/diplomska_naloga/atlas_db/data/3im1.pdb
/home/jan/Documents/diplomska_naloga/atlas_db/data/3im3.pdb
/home/jan/Documents/diplomska_naloga/atlas_db/data/3imk.pdb
/home/jan/Documents/diplomska_naloga/atlas_db/data/3in9.pdb
/home/jan/Documents/diplomska_naloga/atlas_db/data/3ino.pdb
/home/jan/Documents/diplomska_naloga/atlas_db/data/3ip4.pdb
/home/jan/Documents/diplomska_naloga/atlas_db/data/3ipf.pdb
/home/jan/Documents/diplomska_naloga/atlas_db/data/3ipj.pdb
/home/jan/Documents/diplomska_naloga/atlas_db/data/3it4.pdb
/home/jan/Documents/diplomska_naloga/atlas_db/data/3jsy.pdb
/home/jan/Documents/diplomska_naloga/atlas_db/data/3jsz.pdb
/home/jan/Documents/diplomska_naloga/atlas_db/data/3jtz.pdb
/home/jan/Documents/diplomska_naloga/atlas_db/data/3ju3.pdb
/home/jan/Documents/diplomska_naloga/atlas_db/data/3ju4.pdb
/home/jan/Documents/diplomska_naloga/atlas_db/data/3jub.pdb
/home/jan/Documents/diplomska_naloga/atlas_db/data/3jv1.pdb
/home/jan/Documents/diplomska_naloga/atlas_db/data/3jz9.pdb
/home/jan/Documents/diplomska_naloga/atlas_db/data/3jza.pdb
/home/jan/Documents/diplomska_naloga/atlas_db/data/3k5j.pdb
/home/jan/Documents/diplomska_naloga/atlas_db/data/3k6q.pdb
/home/jan/Documents/diplomska_naloga/atlas_db/data/3k29.pdb
/home/jan/Documents/diplomska_naloga/atlas_db/data/3k59.pdb
/home/jan/Documents/diplomska_naloga/atlas_db/data/3ka5.pdb
/home/jan/Documents/diplomska_naloga/atlas_db/data/3kbb.pdb
/home/jan/Documents/diplomska_naloga/atlas_db/data/3kby.pdb
/home/jan/Documents/diplomska_naloga/atlas_db/data/3kd4.pdb
/home/jan/Documents/diplomska_naloga/atlas_db/data/3kde.pdb
/home/jan/Documents/diplomska_naloga/atlas_db/data/3kef.pdb
/home/jan/Documents/diplomska_naloga/atlas_db/data/3klr.pdb
/home/jan/Documents/diplomska_naloga/atlas_db/data/3ktp.pdb
/home/jan/Documents/diplomska_naloga/atlas_db/data/3kvd.pdb
/home/jan/Documents/diplomska_naloga/atlas_db/data/3kwr.pdb
/home/jan/Documents/diplomska_naloga/atlas_db/data/3kz5.pdb
/home/jan/Documents/diplomska_naloga/atlas_db/data/3kz7.pdb
/home/jan/Documents/diplomska_naloga/atlas_db/data/3l1e.pdb
/home/jan/Documents/diplomska_naloga/atlas_db/data/3l2a.pdb
/home/jan/Documents/diplomska_naloga/atlas_db/data/3l4h.pdb
/home/jan/Documents/diplomska_naloga/atlas_db/data/3l4p.pdb
/home/jan/Documents/diplomska_naloga/atlas_db/data/3l9a.pdb
/home/jan/Documents/diplomska_naloga/atlas_db/data/3l32.pdb
/home/jan/Documents/diplomska_naloga/atlas_db/data/3l51.pdb
/home/jan/Documents/diplomska_naloga/atlas_db/data/3l84.pdb
/home/jan/Documents/diplomska_naloga/atlas_db/data/3lae.pdb
/home/jan/Documents/diplomska_naloga/atlas_db/data/3las.pdb
/home/jan/Documents/diplomska_naloga/atlas_db/data/3lbl.pdb
/home/jan/Documents/diplomska_naloga/atlas_db/data/3ld7.pdb
/home/jan/Documents/diplomska_naloga/atlas_db/data/3ldu.pdb
/home/jan/Documents/diplomska_naloga/atlas_db/data/3let.pdb
/home/jan/Documents/diplomska_naloga/atlas_db/data/3lgb.pdb
/home/jan/Documents/diplomska_naloga/atlas_db/data/3lk7.pdb
/home/jan/Documents/diplomska_naloga/atlas_db/data/3lkt.pdb
/home/jan/Documents/diplomska_naloga/atlas_db/data/3ll7.pdb
/home/jan/Documents/diplomska_naloga/atlas_db/data/3lpc.pdb
/home/jan/Documents/diplomska_naloga/atlas_db/data/3lpe.pdb
/home/jan/Documents/diplomska_naloga/atlas_db/data/3lq9.pdb
/home/jan/Documents/diplomska_naloga/atlas_db/data/3lti.pdb
/home/jan/Documents/diplomska_naloga/atlas_db/data/3lui.pdb
/home/jan/Documents/diplomska_naloga/atlas_db/data/3lur.pdb
/home/jan/Documents/diplomska_naloga/atlas_db/data/3luu.pdb
/home/jan/Documents/diplomska_naloga/atlas_db/data/3lvu.pdb
/home/jan/Documents/diplomska_naloga/atlas_db/data/3lwx.pdb
/home/jan/Documents/diplomska_naloga/atlas_db/data/3lx5.pdb
